resource "kubernetes_cluster_role" "monitoring" {
  metadata {
    name = "monitoring"
  }
  aggregation_rule {
    cluster_role_selectors {
      match_labels = { "rbac.example.com/aggregate-to-monitoring" = "true" }
    }
  }
}
