resource "kubernetes_namespace" "cert_manager" {
  metadata {
    name   = "cert-manager"
    labels = { "certmanager.k8s.io/disable-validation" = "true" }
  }
}
