resource "kubernetes_pod_disruption_budget" "test" {
  metadata {
    name = "test"
  }
  spec {
    min_available = "75%"
    selector {
      match_labels = { app = "zookeeper" }
    }
  }
}
