resource "kubernetes_storage_class" "slow" {
  metadata {
    name = "slow"
  }
  parameters = { replication-type = "none", type = "pd-standard" }
}
